exports[`Filter should match snapshot in initial state 1`] = `
<Filter
  appProviders={
    Object {
      "authProvider": Object {
        "shouldLogin": [Function],
      },
      "cityProvider": Object {
        "loadCities": [Function],
      },
      "neighborhoodProvider": Object {
        "loadNeighborhoodByCityId": [Function],
      },
      "searchProvider": Object {
        "resetActiveFilter": [Function],
        "saveFilter": [Function],
        "search": [Function],
      },
    }
  }
  appStore={
    Object {
      "authStore": Object {
        "isUserAdmin": [Function],
      },
      "cityStore": Object {
        "cities": Array [],
      },
      "neighborhoodStore": Object {
        "neighborhoodsByCityId": Object {
          "get": [Function],
        },
      },
      "searchStore": Object {},
    }
  } />
`;
