exports[`Filter should match snapshot in initial state 1`] = `
<Filter
  appProviders={
    Object {
      "authProvider": Object {
        "shouldLogin": [Function],
      },
      "oheProvider": Object {
        "loadListingEvents": [Function],
      },
      "searchProvider": Object {
        "resetActiveFilter": [Function],
        "saveFilter": [Function],
        "search": [Function],
      },
    }
  }
  appStore={
    Object {
      "authStore": Object {
        "isUserAdmin": [Function],
      },
      "searchStore": Object {},
    }
  }
  client={
    Object {
      "query": [Function],
    }
  }
  data={
    Object {
      "cities": Array [],
    }
  } />
`;
