exports[`Filter should initialize correctly 1`] = `
<inject-Filter-with-appStore-appProviders
  appProviders={
    Object {
      "cityProvider": Object {
        "loadCities": [Function],
      },
      "neighborhoodProvider": Object {
        "loadNeighborhoodByCityId": [Function],
      },
      "oheProvider": Object {
        "loadListingEvents": [Function],
      },
      "searchProvider": Object {
        "search": [Function],
      },
    }
  }
  appStore={
    Object {
      "authStore": Object {},
      "cityStore": Object {
        "cities": Array [],
      },
      "neighborhoodStore": Object {
        "neighborhoodsByCityId": Object {
          "get": [Function],
        },
      },
    }
  }>
  <Filter
    appProviders={
      Object {
        "cityProvider": Object {
          "loadCities": [Function],
        },
        "neighborhoodProvider": Object {
          "loadNeighborhoodByCityId": [Function],
        },
        "oheProvider": Object {
          "loadListingEvents": [Function],
        },
        "searchProvider": Object {
          "search": [Function],
        },
      }
    }
    appStore={
      Object {
        "authStore": Object {},
        "cityStore": Object {
          "cities": Array [],
        },
        "neighborhoodStore": Object {
          "neighborhoodsByCityId": Object {
            "get": [Function],
          },
        },
      }
    }>
    <div>
      <div
        className="filter-toggle-container">
        <Button
          active={false}
          block={false}
          bsClass="btn"
          bsStyle="default"
          disabled={false}
          onClick={[Function]}>
          <button
            className="btn btn-default"
            disabled={false}
            onClick={[Function]}
            type="button">
            סנן תוצאות
          </button>
        </Button>
      </div>
      <Grid
        bsClass="container"
        className="filter-wrapper hide-mobile-filter"
        componentClass="div"
        fluid={true}>
        <div
          className="filter-wrapper hide-mobile-filter container-fluid">
          <Row
            bsClass="row"
            componentClass="div">
            <div
              className="row">
              <Col
                bsClass="col"
                className="filter-dropdown-wrapper"
                componentClass="div"
                mdOffset={2}
                sm={6}
                smOffset={1}>
                <div
                  className="filter-dropdown-wrapper col-md-offset-2 col-sm-6 col-sm-offset-1">
                  <DropdownButton
                    bsSize="large"
                    className="filter-dropdown "
                    id="cityDropdown"
                    onSelect={[Function]}
                    title="עיר: כל הערים">
                    <Uncontrolled(Dropdown)
                      bsSize="large"
                      id="cityDropdown"
                      onSelect={[Function]}>
                      <Dropdown
                        bsClass="dropdown"
                        bsSize="large"
                        componentClass={[Function]}
                        id="cityDropdown"
                        onSelect={[Function]}
                        onToggle={[Function]}>
                        <ButtonGroup
                          block={false}
                          bsClass="btn-group"
                          bsSize="large"
                          className="dropdown"
                          justified={false}
                          vertical={false}>
                          <div
                            className="dropdown btn-group btn-group-lg">
                            <DropdownToggle
                              bsClass="dropdown-toggle"
                              bsRole="toggle"
                              bsSize="large"
                              className="filter-dropdown "
                              id="cityDropdown"
                              onClick={[Function]}
                              onKeyDown={[Function]}
                              open={false}
                              useAnchor={false}>
                              <Button
                                active={false}
                                aria-expanded={false}
                                aria-haspopup={true}
                                block={false}
                                bsClass="btn"
                                bsSize="large"
                                bsStyle="default"
                                className="filter-dropdown  dropdown-toggle"
                                disabled={false}
                                id="cityDropdown"
                                onClick={[Function]}
                                onKeyDown={[Function]}
                                role="button">
                                <button
                                  aria-expanded={false}
                                  aria-haspopup={true}
                                  className="filter-dropdown  dropdown-toggle btn btn-lg btn-default"
                                  disabled={false}
                                  id="cityDropdown"
                                  onClick={[Function]}
                                  onKeyDown={[Function]}
                                  role="button"
                                  type="button">
                                  עיר: כל הערים
                                   
                                  <span
                                    className="caret" />
                                </button>
                              </Button>
                            </DropdownToggle>
                            <DropdownMenu
                              bsClass="dropdown-menu"
                              bsRole="menu"
                              labelledBy="cityDropdown"
                              onClose={[Function]}
                              onSelect={[Function]}
                              pullRight={false}>
                              <RootCloseWrapper
                                disabled={true}
                                event="click"
                                onRootClose={[Function]}>
                                <ul
                                  aria-labelledby="cityDropdown"
                                  className="dropdown-menu"
                                  role="menu">
                                  <MenuItem
                                    bsClass="dropdown"
                                    disabled={false}
                                    divider={false}
                                    eventKey="*"
                                    header={false}
                                    onKeyDown={[Function]}
                                    onSelect={[Function]}>
                                    <li
                                      className=""
                                      role="presentation">
                                      <SafeAnchor
                                        componentClass="a"
                                        onClick={[Function]}
                                        onKeyDown={[Function]}
                                        role="menuitem"
                                        tabIndex="-1">
                                        <a
                                          href="#"
                                          onClick={[Function]}
                                          onKeyDown={[Function]}
                                          role="menuitem"
                                          tabIndex="-1">
                                          כל הערים
                                        </a>
                                      </SafeAnchor>
                                    </li>
                                  </MenuItem>
                                </ul>
                              </RootCloseWrapper>
                            </DropdownMenu>
                          </div>
                        </ButtonGroup>
                      </Dropdown>
                    </Uncontrolled(Dropdown)>
                  </DropdownButton>
                </div>
              </Col>
              <Col
                bsClass="col"
                componentClass="div"
                md={4}
                sm={5}
                xsHidden={true}>
                <div
                  className="col-md-4 col-sm-5 hidden-xs">
                  <Checkbox
                    bsClass="checkbox"
                    checked={true}
                    className="filter-future-booking-switch"
                    disabled={false}
                    inline={false}
                    onChange={[Function]}>
                    <div
                      className="filter-future-booking-switch checkbox">
                      <label>
                        <input
                          checked={true}
                          disabled={false}
                          onChange={[Function]}
                          type="checkbox" />
                        הראו לי דירות שטרם פורסמו 
                        <span
                          className="filter-future-booking-new">
                          חדש!
                        </span>
                      </label>
                    </div>
                  </Checkbox>
                </div>
              </Col>
            </div>
          </Row>
          <Row
            bsClass="row"
            componentClass="div">
            <div
              className="row">
              <Col
                bsClass="col"
                className="filter-dropdown-wrapper"
                componentClass="div"
                md={2}
                mdOffset={2}
                sm={2}
                smOffset={1}>
                <div
                  className="filter-dropdown-wrapper col-md-2 col-md-offset-2 col-sm-2 col-sm-offset-1">
                  <DropdownButton
                    bsSize="large"
                    className="filter-dropdown "
                    id="neighborhoodDropdown"
                    onSelect={[Function]}
                    title="שכונה: כל השכונות">
                    <Uncontrolled(Dropdown)
                      bsSize="large"
                      id="neighborhoodDropdown"
                      onSelect={[Function]}>
                      <Dropdown
                        bsClass="dropdown"
                        bsSize="large"
                        componentClass={[Function]}
                        id="neighborhoodDropdown"
                        onSelect={[Function]}
                        onToggle={[Function]}>
                        <ButtonGroup
                          block={false}
                          bsClass="btn-group"
                          bsSize="large"
                          className="dropdown"
                          justified={false}
                          vertical={false}>
                          <div
                            className="dropdown btn-group btn-group-lg">
                            <DropdownToggle
                              bsClass="dropdown-toggle"
                              bsRole="toggle"
                              bsSize="large"
                              className="filter-dropdown "
                              id="neighborhoodDropdown"
                              onClick={[Function]}
                              onKeyDown={[Function]}
                              open={false}
                              useAnchor={false}>
                              <Button
                                active={false}
                                aria-expanded={false}
                                aria-haspopup={true}
                                block={false}
                                bsClass="btn"
                                bsSize="large"
                                bsStyle="default"
                                className="filter-dropdown  dropdown-toggle"
                                disabled={false}
                                id="neighborhoodDropdown"
                                onClick={[Function]}
                                onKeyDown={[Function]}
                                role="button">
                                <button
                                  aria-expanded={false}
                                  aria-haspopup={true}
                                  className="filter-dropdown  dropdown-toggle btn btn-lg btn-default"
                                  disabled={false}
                                  id="neighborhoodDropdown"
                                  onClick={[Function]}
                                  onKeyDown={[Function]}
                                  role="button"
                                  type="button">
                                  שכונה: כל השכונות
                                   
                                  <span
                                    className="caret" />
                                </button>
                              </Button>
                            </DropdownToggle>
                            <DropdownMenu
                              bsClass="dropdown-menu"
                              bsRole="menu"
                              labelledBy="neighborhoodDropdown"
                              onClose={[Function]}
                              onSelect={[Function]}
                              pullRight={false}>
                              <RootCloseWrapper
                                disabled={true}
                                event="click"
                                onRootClose={[Function]}>
                                <ul
                                  aria-labelledby="neighborhoodDropdown"
                                  className="dropdown-menu"
                                  role="menu">
                                  <MenuItem
                                    bsClass="dropdown"
                                    disabled={false}
                                    divider={false}
                                    eventKey="*"
                                    header={false}
                                    onKeyDown={[Function]}
                                    onSelect={[Function]}>
                                    <li
                                      className=""
                                      role="presentation">
                                      <SafeAnchor
                                        componentClass="a"
                                        onClick={[Function]}
                                        onKeyDown={[Function]}
                                        role="menuitem"
                                        tabIndex="-1">
                                        <a
                                          href="#"
                                          onClick={[Function]}
                                          onKeyDown={[Function]}
                                          role="menuitem"
                                          tabIndex="-1">
                                          כל השכונות
                                        </a>
                                      </SafeAnchor>
                                    </li>
                                  </MenuItem>
                                </ul>
                              </RootCloseWrapper>
                            </DropdownMenu>
                          </div>
                        </ButtonGroup>
                      </Dropdown>
                    </Uncontrolled(Dropdown)>
                  </DropdownButton>
                </div>
              </Col>
              <Col
                bsClass="col"
                componentClass="div"
                md={2}
                sm={2}>
                <div
                  className="col-md-2 col-sm-2">
                  <OverlayTrigger
                    defaultOverlayShown={false}
                    overlay={
                      <Popover
                        bsClass="popover"
                        className="filter-rooms-popup"
                        id="popup-rooms"
                        placement="right">
                        <Nouislider
                          connect={true}
                          direction="ltr"
                          onChange={[Function]}
                          pips={
                            Object {
                              "density": 30,
                              "mode": "values",
                              "values": Array [
                                1,
                                2,
                                3,
                                4,
                                5,
                              ],
                            }
                          }
                          range={
                            Object {
                              "12.5%": 1.5,
                              "25%": 2,
                              "37.5%": 2.5,
                              "50%": 3,
                              "62.5%": 3.5,
                              "75%": 4,
                              "87.5%": 4.5,
                              "max": 5,
                              "min": 1,
                            }
                          }
                          snap={true}
                          start={
                            Array [
                              1,
                              5,
                            ]
                          } />
                      </Popover>
                    }
                    placement="bottom"
                    rootClose={true}
                    trigger="click">
                    <div
                      aria-describedby="popup-rooms"
                      className="filter-trigger-container "
                      onClick={[Function]}>
                      חדרים
                    </div>
                  </OverlayTrigger>
                </div>
              </Col>
              <Col
                bsClass="col"
                componentClass="div"
                md={2}
                sm={2}>
                <div
                  className="col-md-2 col-sm-2">
                  <OverlayTrigger
                    defaultOverlayShown={false}
                    overlay={
                      <Popover
                        bsClass="popover"
                        className="filter-mr-popup"
                        id="popup-mr"
                        placement="right">
                        <Nouislider
                          connect={true}
                          direction="ltr"
                          onChange={[Function]}
                          pips={
                            Object {
                              "density": 30,
                              "mode": "steps",
                            }
                          }
                          range={
                            Object {
                              "max": 7000,
                              "min": 1000,
                            }
                          }
                          start={
                            Array [
                              1000,
                              7000,
                            ]
                          }
                          step={1000} />
                      </Popover>
                    }
                    placement="bottom"
                    rootClose={true}
                    trigger="click">
                    <div
                      aria-describedby="popup-mr"
                      className="filter-trigger-container "
                      onClick={[Function]}>
                      מחיר
                    </div>
                  </OverlayTrigger>
                </div>
              </Col>
              <Col
                bsClass="col"
                componentClass="div"
                md={2}
                sm={3}>
                <div
                  className="col-md-2 col-sm-3">
                  <OverlayTrigger
                    defaultOverlayShown={false}
                    overlay={
                      <Popover
                        bsClass="popover"
                        className="filter-extra-popup"
                        id="popup-extra"
                        placement="right">
                        <div
                          className="sort-container filter-group-container">
                          <div
                            className="filter-switch-group-headersort-header">
                            <b>
                              סדר לפי
                            </b>
                          </div>
                          <div
                            className="sort-options">
                            <div
                              className="filter-input-wrapper">
                              <Radio
                                bsClass="radio"
                                checked={true}
                                disabled={false}
                                inline={false}
                                onChange={[Function]}
                                value="publish_date">
                                תאריך פרסום
                              </Radio>
                            </div>
                            <div
                              className="filter-input-wrapper">
                              <Radio
                                bsClass="radio"
                                checked={false}
                                disabled={false}
                                inline={false}
                                onChange={[Function]}
                                value="lease_start">
                                תאריך כניסה
                              </Radio>
                            </div>
                          </div>
                        </div>
                        <div
                          className="filter-group-container">
                          <Checkbox
                            bsClass="checkbox"
                            checked={true}
                            className="filter-switch-group-header"
                            disabled={false}
                            inline={false}
                            name="roommate"
                            onChange={[Function]}>
                            <b>
                              הציגו לי דירות לשותפים
                            </b>
                          </Checkbox>
                          <div
                            className="filter-input-wrapper">
                            <Checkbox
                              bsClass="checkbox"
                              checked={true}
                              disabled={false}
                              inline={false}
                              name="empty"
                              onChange={[Function]}>
                              דירות ריקות לשותפים
                            </Checkbox>
                          </div>
                          <div
                            className="filter-input-wrapper">
                            <Checkbox
                              bsClass="checkbox"
                              checked={true}
                              disabled={false}
                              inline={false}
                              name="room"
                              onChange={[Function]}>
                              חדר בדירת שותפים
                            </Checkbox>
                          </div>
                        </div>
                        <div
                          className="filter-amenities-container">
                          <h5>
                            <b>
                              צמצמו את החיפוש
                            </b>
                          </h5>
                          <Col
                            bsClass="col"
                            componentClass="div"
                            xs={4}>
                            <Checkbox
                              bsClass="checkbox"
                              checked={false}
                              disabled={false}
                              inline={false}
                              name="park"
                              onChange={[Function]}>
                              חניה
                            </Checkbox>
                            <Checkbox
                              bsClass="checkbox"
                              checked={false}
                              disabled={false}
                              inline={false}
                              name="balc"
                              onChange={[Function]}>
                              מרפסת
                            </Checkbox>
                          </Col>
                          <Col
                            bsClass="col"
                            componentClass="div"
                            xs={4}>
                            <Checkbox
                              bsClass="checkbox"
                              checked={false}
                              disabled={false}
                              inline={false}
                              name="ac"
                              onChange={[Function]}>
                              מזגן
                            </Checkbox>
                            <Checkbox
                              bsClass="checkbox"
                              checked={undefined}
                              disabled={false}
                              inline={false}
                              name="ele"
                              onChange={[Function]}>
                              מעלית
                            </Checkbox>
                          </Col>
                          <Col
                            bsClass="col"
                            componentClass="div"
                            xs={4}>
                            <Checkbox
                              bsClass="checkbox"
                              checked={false}
                              disabled={false}
                              inline={false}
                              name="pet"
                              onChange={[Function]}>
                              מותר בע״ח
                            </Checkbox>
                            <Checkbox
                              bsClass="checkbox"
                              checked={false}
                              disabled={false}
                              inline={false}
                              name="sb"
                              onChange={[Function]}>
                              סורגים
                            </Checkbox>
                          </Col>
                        </div>
                      </Popover>
                    }
                    placement="bottom"
                    rootClose={true}
                    trigger="click">
                    <div
                      aria-describedby="popup-extra"
                      className="filter-trigger-container "
                      onClick={[Function]}>
                      פילטרים נוספים
                    </div>
                  </OverlayTrigger>
                </div>
              </Col>
              <Col
                bsClass="col"
                componentClass="div"
                lgHidden={true}
                mdHidden={true}
                smHidden={true}>
                <div
                  className="hidden-lg hidden-md hidden-sm">
                  <Checkbox
                    bsClass="checkbox"
                    checked={true}
                    className="filter-future-booking-switch"
                    disabled={false}
                    inline={false}
                    onChange={[Function]}>
                    <div
                      className="filter-future-booking-switch checkbox">
                      <label>
                        <input
                          checked={true}
                          disabled={false}
                          onChange={[Function]}
                          type="checkbox" />
                        הראו לי דירות שטרם פורסמו 
                        <span
                          className="filter-future-booking-new">
                          חדש!
                        </span>
                      </label>
                    </div>
                  </Checkbox>
                </div>
              </Col>
            </div>
          </Row>
          <div
            className="filter-close">
            <div
              className="filter-close-text"
              onClick={[Function]}>
              סנן וסגור
            </div>
          </div>
        </div>
      </Grid>
    </div>
  </Filter>
</inject-Filter-with-appStore-appProviders>
`;
